FUNC_IMPORT_CAPS = {
    'psh.__main__': 3,
    'psh.ast_nodes.syntax_templates': 1,
    'psh.builtins.command_builtin': 6,
    'psh.builtins.core': 2,
    'psh.builtins.declaration_engine': 2,
    'psh.builtins.declare_format': 1,
    'psh.builtins.env_command': 1,
    'psh.builtins.environment': 5,
    'psh.builtins.function_support': 7,
    'psh.builtins.hash_builtin': 1,
    'psh.builtins.let_builtin': 1,
    'psh.builtins.parse_tree': 4,
    'psh.builtins.print_builtin': 1,
    'psh.builtins.shell_state': 4,
    'psh.builtins.source_command': 1,
    'psh.builtins.type_builtin': 3,
    'psh.core.assignment_utils': 2,
    'psh.core.locale_service': 3,
    'psh.core.scope': 2,
    'psh.core.state': 3,
    'psh.core.trap_manager': 1,
    'psh.core.variable_store': 2,
    'psh.core.variables': 1,
    'psh.executor.child_policy': 1,
    'psh.executor.control_flow': 6,
    'psh.executor.core': 8,
    'psh.executor.pipeline': 2,
    'psh.executor.process_launcher': 1,
    'psh.executor.strategies': 3,
    'psh.executor.subshell': 6,
    'psh.expansion.command_sub': 2,
    'psh.expansion.extglob': 4,
    'psh.expansion.glob': 4,
    'psh.expansion.manager': 5,
    'psh.expansion.operands': 3,
    'psh.expansion.operators': 1,
    'psh.expansion.subscript': 1,
    'psh.expansion.word_expander': 2,
    'psh.interactive.base': 4,
    'psh.interactive.multiline_handler': 1,
    'psh.interactive.prompt': 2,
    'psh.interactive.rc_loader': 1,
    'psh.io_redirect.file_redirect': 2,
    'psh.io_redirect.process_sub': 4,
    'psh.lexer': 2,
    'psh.lexer.expansion_parser': 1,
    'psh.lexer.modular_lexer': 6,
    'psh.lexer.pure_helpers': 3,
    'psh.lexer.recognizers.process_sub': 1,
    'psh.lexer.recognizers.word_scanners': 4,
    'psh.parser': 1,
    'psh.parser.array_flat_text': 1,
    'psh.parser.parse_outcome': 1,
    'psh.parser.recursive_descent.parsers.arrays': 1,
    'psh.parser.recursive_descent.support.nested_parse': 2,
    'psh.parser.recursive_descent.support.word_builder': 1,
    'psh.scripting.base': 3,
    'psh.scripting.input_preprocessing': 1,
    'psh.scripting.input_sources': 1,
    'psh.scripting.lex_parse': 1,
    'psh.scripting.source_processor': 5,
    'psh.scripting.visitor_modes': 7,
    'psh.shell': 5,
    'psh.utils.ast_debug': 6,
    'psh.utils.heredoc_detection': 3,
    'psh.visitor.enhanced_validator_visitor': 1,
}
# total deferred psh imports: 177 across 66 modules
