######## psh/builtins/read_builtin.py  (d8166242 -> 67261b29, i.e. v0.776 -> v0.777 = slot 5C.1)
  added:   code=  0 comment=  0 blank=  0
  removed: code=  0 comment=  0 blank=  0
  NET:     code=  +0 comment=  +0 blank=  +0

######## psh/builtins/parse_tree.py  (d8166242 -> 67261b29, i.e. v0.776 -> v0.777 = slot 5C.1)
  added:   code=  0 comment=  0 blank=  0
  removed: code=  0 comment=  0 blank=  0
  NET:     code=  +0 comment=  +0 blank=  +0

######## the actual 5C.1 hunk in read_builtin.py (what the +11 IS)
diff --git a/psh/builtins/read_builtin.py b/psh/builtins/read_builtin.py
index 4baa7d9c..ad8c91ba 100644
--- a/psh/builtins/read_builtin.py
+++ b/psh/builtins/read_builtin.py
@@ -229,12 +229,23 @@ class ReadBuiltin(Builtin):
             # bash's shape: "read: read error: 0: Bad file descriptor"
             # (e.g. reading after `exec 0<&-`) — never the raw Python
             # OSError repr ("[Errno 9] Bad file descriptor").
+            #
+            # A bare `except ValueError` used to follow this one, wrapping the
+            # WHOLE record engine with no int()/documented-VE source in the
+            # body, so a ValueError from any helper bug was printed to the user
+            # as a `read` error. The one plausible user-reachable source would
+            # be a decode failure (UnicodeDecodeError IS a ValueError), but the
+            # cursor decodes with `surrogateescape`
+            # (input_reader.py#InputCursor._get_decoder) and so cannot raise on
+            # malformed bytes — bash reads stdin bytes leniently and psh
+            # matches. Measured, not assumed: 19 hostile cells (7 malformed
+            # UTF-8 shapes x the -N/-n/-d/-r/-a/IFS option axis, plus NUL, CRLF
+            # and an EOF continuation) never reached the handler, while a
+            # seeded defect did (remediation 5C.1). Removed, so a real defect
+            # surfaces under the strict-errors taxonomy.
             self.error(
                 f"read error: {options['fd']}: {e.strerror or e}", shell)
             return 1
-        except ValueError as e:
-            self.error(str(e), shell)
-            return 1
 
     def _read_continuations(self, line: str, reader: InputCursor, delim: str,
                             status: str) -> Tuple[str, str, bool]:
